// Jest Snapshot v1, https://goo.gl/fbAQLP

exports[`Search should render Search component 1`] = `
<DocumentFragment>
  <input
    class="form-control my-3 fs-1 p-4"
    placeholder="Search..."
    type="text"
  />
</DocumentFragment>
`;
