// Jest Snapshot v1, https://goo.gl/fbAQLP

exports[`Search should render Search component 1`] = `
<input
  className="form-control my-3 fs-1 p-4"
  onChange={[Function]}
  placeholder="Search..."
  type="text"
  value=""
/>
`;
