// Jest Snapshot v1, https://goo.gl/fbAQLP

exports[`TeamList should render TeamList component 1`] = `
<DocumentFragment>
  <div
    class="container"
  >
    <div
      class="row"
    >
      <div
        class="w-50 col"
      >
        <h1
          class="centered-flex pt-4"
        >
           GK 
        </h1>
        <div
          class="d-flex align-items-center ps-5"
        >
          <img
            class=""
            src="Barcelona.png"
            style="width: 60px;"
            title="Barcelona"
          />
          <h4
            class="text-truncate ps-2 my-0"
          >
             Ter Stegen 
          </h4>
        </div>
      </div>
      <div
        class="w-50 col"
      >
        <h1
          class="centered-flex pt-4"
        >
           DEF 
        </h1>
      </div>
    </div>
    <div
      class="row"
    >
      <div
        class="w-50 col"
      >
        <h1
          class="centered-flex pt-4"
        >
           MID 
        </h1>
      </div>
      <div
        class="w-50 col"
      >
        <h1
          class="centered-flex pt-4"
        >
           ATT 
        </h1>
      </div>
    </div>
  </div>
</DocumentFragment>
`;
